rahadian@rahadian-X456UR:~/Documents/zettacamp/3. Git/Task - 1$ touch Index.html
rahadian@rahadian-X456UR:~/Documents/zettacamp/3. Git/Task - 1$ touch Readme.txt
rahadian@rahadian-X456UR:~/Documents/zettacamp/3. Git/Task - 1$ mkdir assets
rahadian@rahadian-X456UR:~/Documents/zettacamp/3. Git/Task - 1$ cd assets
rahadian@rahadian-X456UR:~/Documents/zettacamp/3. Git/Task - 1/assets$ touch style.css
rahadian@rahadian-X456UR:~/Documents/zettacamp/3. Git/Task - 1/assets$ cd ..
rahadian@rahadian-X456UR:~/Documents/zettacamp/3. Git/Task - 1$ git init
Initialized empty Git repository in /home/rahadian/Documents/zettacamp/3. Git/Task - 1/.git/
rahadian@rahadian-X456UR:~/Documents/zettacamp/3. Git/Task - 1$ git add .
rahadian@rahadian-X456UR:~/Documents/zettacamp/3. Git/Task - 1$ git commit -m '[Initialization] Files & Directory Creation'
[master (root-commit) b326d34] [Initialization] Files & Directory Creation
 3 files changed, 0 insertions(+), 0 deletions(-)
 create mode 100644 Index.html
 create mode 100644 Readme.txt
 create mode 100644 assets/style.css
rahadian@rahadian-X456UR:~/Documents/zettacamp/3. Git/Task - 1$ code .
rahadian@rahadian-X456UR:~/Documents/zettacamp/3. Git/Task - 1$ git add .
rahadian@rahadian-X456UR:~/Documents/zettacamp/3. Git/Task - 1$ git commit -m '[UI] Update Index HTML to have tab title and body'
[master 074bc40] [UI] Update Index HTML to have tab title and body
 1 file changed, 11 insertions(+)
rahadian@rahadian-X456UR:~/Documents/zettacamp/3. Git/Task - 1$ git log --oneline
074bc40 (HEAD -> master) [UI] Update Index HTML to have tab title and body
b326d34 [Initialization] Files & Directory Creation
rahadian@rahadian-X456UR:~/Documents/zettacamp/3. Git/Task - 1$rahadian@rahadian-X456UR:~/Documents/zettacamp/3. Git/Task rahadian@rahadian-X456UR:~/Documents/zettacamp/3. Git/Task - rahadian@rahadian-X456URrahadian@rahadian-X456UR:~/Documents/zettacamp/3. Git/Task - 1$ git add .
rahadian@rahadian-X456UR:~/Documents/zettacamp/3. Git/Task - 1$ git commit -m '[UI] Update Index HTML and Style.css to have red color on text <h1>'
[master e1fc5b1] [UI] Update Index HTML and Style.css to have red color on text <h1>
 2 files changed, 5 insertions(+), 1 deletion(-)
rahadian@rahadian-X456UR:~/Documents/zettacamp/3. Git/Task - 1$ git log --oneline
e1fc5b1 (HEAD -> master) [UI] Update Index HTML and Style.css to have red color on text <h1>
074bc40 [UI] Update Index HTML to have tab title and body
b326d34 [Initialization] Files & Directory Creation
rahadian@rahadian-X456UR:~/Documents/zettacamp/3. Git/Task - 1$ git revert e1fc5b1
[master 747bcc0] Revert "[UI] Update Index HTML and Style.css to have red color on text <h1>"
 2 files changed, 1 insertion(+), 5 deletions(-)
rahadian@rahadian-X456UR:~/Documents/zettacamp/3. Git/Task - 1$ git log --oneline
747bcc0 (HEAD -> master) Revert "[UI] Update Index HTML and Style.css to have red color on text <h1>"
e1fc5b1 [UI] Update Index HTML and Style.css to have red color on text <h1>
074bc40 [UI] Update Index HTML to have tab title and body
b326d34 [Initialization] Files & Directory Creation
rahadian@rahadian-X456UR:~/Documents/zettacamp/3. Git/Task - 1$ touch my-note.txt
rahadian@rahadian-X456UR:~/Documents/zettacamp/3. Git/Task - 1$ touch .gitignore 
rahadian@rahadian-X456UR:~/Documents/zettacamp/3. Git/Task - 1$ git commit -m '[Structure] Add gitignore file'
On branch master
Untracked files:
  (use "git add <file>..." to include in what will be committed)
	.gitignore

nothing added to commit but untracked files present (use "git add" to track)
rahadian@rahadian-X456UR:~/Documents/zettacamp/3. Git/Task - 1$ git add .
rahadian@rahadian-X456UR:~/Documents/zettacamp/3. Git/Task - 1$ git commit -m '[Structure] Add gitignore file'
[master 51a92fc] [Structure] Add gitignore file
 1 file changed, 1 insertion(+)
 create mode 100644 .gitignore
rahadian@rahadian-X456UR:~/Documents/zettacamp/3. Git/Task - 1$ git log --oneline
51a92fc (HEAD -> master) [Structure] Add gitignore file
747bcc0 Revert "[UI] Update Index HTML and Style.css to have red color on text <h1>"
e1fc5b1 [UI] Update Index HTML and Style.css to have red color on text <h1>
074bc40 [UI] Update Index HTML to have tab title and body
b326d34 [Initialization] Files & Directory Creation

